
> backend@1.0.0 test
> cross-env NODE_OPTIONS=--experimental-vm-modules jest src/utils/__tests__/statusNotifications.test.js

  console.log
    [dotenv@17.2.3] injecting env (18) from .env -- tip: ≡ƒæÑ sync secrets across teammates & machines: https://dotenvx.com/ops

      at _log (node_modules/dotenv/lib/main.js:142:11)

npm : (node:83992) ExperimentalWarning: VM Modules is an experimental feature and might change at any time
At line:1 char:1
+ npm run test -- src/utils/__tests__/statusNotifications.test.js 2>&1  ...
+ ~~~~~~~~~~~~~~~~~~~~~~~~~~~~~~~~~~~~~~~~~~~~~~~~~~~~~~~~~~~~~~~~~~~~
    + CategoryInfo          : NotSpecified: ((node:83992) Ex...nge at any time:String) [], RemoteException
    + FullyQualifiedErrorId : NativeCommandError
 
(Use `node --trace-warnings ...` to show where the warning was created)
FAIL src/utils/__tests__/statusNotifications.test.js
  statusNotifications
    sendStatusChangeNotification
      ├ù should send email when SMTP is configured and user exists (4 ms)
      ├ù should skip email when SMTP_USER is not configured (1 ms)
      ├ù should skip email when user is not found (1 ms)
      ├ù should skip email when user has no email
      ├ù should include automation indicator (1 ms)
      ├ù should include email detection indicator
      ├ù should populate job details
      ├ù should include status in email
      ├ù should use SMTP_FROM for from address
      ├ù should fall back to SMTP_USER when SMTP_FROM is not set (1 ms)
      ├ù should handle errors gracefully
      ├ù should send to correct email address
      ├ù should include job title in subject
    sendFollowUpReminder
      ├ù should send follow-up reminder email (1 ms)
      ├ù should skip email when SMTP_USER is not configured
      ├ù should skip email when user is not found
      ├ù should populate job details
      ├ù should include days since status change
      ├ù should include follow-up template
      ├ù should use user name in template
      ├ù should handle missing user name (1 ms)
      ├ù should use correct from address
      ├ù should handle email errors gracefully
      ├ù should send to correct email (1 ms)
    sendStalledApplicationsAlert
      ├ù should send alert when applications are stalled
      ├ù should skip email when no applications are stalled
      ├ù should skip email when SMTP_USER is not configured
      ├ù should skip email when user is not found
      ├ù should include stalled count in subject
      ├ù should include stalled count in body
      ├ù should list all stalled applications (1 ms)
      ├ù should include days without update
      ├ù should include recommended actions
      ├ù should use correct from address
      ├ù should send to correct email
      ├ù should handle email errors gracefully
      ├ù should handle multiple stalled applications (1 ms)
      ├ù should skip email when user has no email
    Error handling
      ├ù should handle database errors gracefully
      ├ù should handle populate errors gracefully
      ├ù should continue when email send fails

  ΓùÅ statusNotifications ΓÇ║ sendStatusChangeNotification ΓÇ║ should send email when SMTP is configured and user exists

    TypeError: nodemailer.createTransport.mockReturnValue is not a function

    [0m [90m 27 |[39m       sendMail[33m:[39m jest[33m.[39mfn()[33m.[39mmockResolvedValue({ messageId[33m:[39m 
[32m'test-id'[39m })
     [90m 28 |[39m     }[33m;[39m
    [31m[1m>[22m[39m[90m 29 |[39m     nodemailer[33m.[39mcreateTransport[33m.[39mmockReturnValue(mockTransporter)[33m;[39m
     [90m    |[39m                                [31m[1m^[22m[39m
     [90m 30 |[39m
     [90m 31 |[39m     [90m// Setup mock user[39m
     [90m 32 |[39m     mockUser [33m=[39m {[0m

      at Object.<anonymous> (src/utils/__tests__/statusNotifications.test.js:29:32)

  ΓùÅ statusNotifications ΓÇ║ sendStatusChangeNotification ΓÇ║ should skip email when SMTP_USER is not configured

    TypeError: nodemailer.createTransport.mockReturnValue is not a function

    [0m [90m 27 |[39m       sendMail[33m:[39m jest[33m.[39mfn()[33m.[39mmockResolvedValue({ messageId[33m:[39m 
[32m'test-id'[39m })
     [90m 28 |[39m     }[33m;[39m
    [31m[1m>[22m[39m[90m 29 |[39m     nodemailer[33m.[39mcreateTransport[33m.[39mmockReturnValue(mockTransporter)[33m;[39m
     [90m    |[39m                                [31m[1m^[22m[39m
     [90m 30 |[39m
     [90m 31 |[39m     [90m// Setup mock user[39m
     [90m 32 |[39m     mockUser [33m=[39m {[0m

      at Object.<anonymous> (src/utils/__tests__/statusNotifications.test.js:29:32)

  ΓùÅ statusNotifications ΓÇ║ sendStatusChangeNotification ΓÇ║ should skip email when user is not found

    TypeError: nodemailer.createTransport.mockReturnValue is not a function

    [0m [90m 27 |[39m       sendMail[33m:[39m jest[33m.[39mfn()[33m.[39mmockResolvedValue({ messageId[33m:[39m 
[32m'test-id'[39m })
     [90m 28 |[39m     }[33m;[39m
    [31m[1m>[22m[39m[90m 29 |[39m     nodemailer[33m.[39mcreateTransport[33m.[39mmockReturnValue(mockTransporter)[33m;[39m
     [90m    |[39m                                [31m[1m^[22m[39m
     [90m 30 |[39m
     [90m 31 |[39m     [90m// Setup mock user[39m
     [90m 32 |[39m     mockUser [33m=[39m {[0m

      at Object.<anonymous> (src/utils/__tests__/statusNotifications.test.js:29:32)

  ΓùÅ statusNotifications ΓÇ║ sendStatusChangeNotification ΓÇ║ should skip email when user has no email

    TypeError: nodemailer.createTransport.mockReturnValue is not a function

    [0m [90m 27 |[39m       sendMail[33m:[39m jest[33m.[39mfn()[33m.[39mmockResolvedValue({ messageId[33m:[39m 
[32m'test-id'[39m })
     [90m 28 |[39m     }[33m;[39m
    [31m[1m>[22m[39m[90m 29 |[39m     nodemailer[33m.[39mcreateTransport[33m.[39mmockReturnValue(mockTransporter)[33m;[39m
     [90m    |[39m                                [31m[1m^[22m[39m
     [90m 30 |[39m
     [90m 31 |[39m     [90m// Setup mock user[39m
     [90m 32 |[39m     mockUser [33m=[39m {[0m

      at Object.<anonymous> (src/utils/__tests__/statusNotifications.test.js:29:32)

  ΓùÅ statusNotifications ΓÇ║ sendStatusChangeNotification ΓÇ║ should include automation indicator

    TypeError: nodemailer.createTransport.mockReturnValue is not a function

    [0m [90m 27 |[39m       sendMail[33m:[39m jest[33m.[39mfn()[33m.[39mmockResolvedValue({ messageId[33m:[39m 
[32m'test-id'[39m })
     [90m 28 |[39m     }[33m;[39m
    [31m[1m>[22m[39m[90m 29 |[39m     nodemailer[33m.[39mcreateTransport[33m.[39mmockReturnValue(mockTransporter)[33m;[39m
     [90m    |[39m                                [31m[1m^[22m[39m
     [90m 30 |[39m
     [90m 31 |[39m     [90m// Setup mock user[39m
     [90m 32 |[39m     mockUser [33m=[39m {[0m

      at Object.<anonymous> (src/utils/__tests__/statusNotifications.test.js:29:32)

  ΓùÅ statusNotifications ΓÇ║ sendStatusChangeNotification ΓÇ║ should include email detection indicator

    TypeError: nodemailer.createTransport.mockReturnValue is not a function

    [0m [90m 27 |[39m       sendMail[33m:[39m jest[33m.[39mfn()[33m.[39mmockResolvedValue({ messageId[33m:[39m 
[32m'test-id'[39m })
     [90m 28 |[39m     }[33m;[39m
    [31m[1m>[22m[39m[90m 29 |[39m     nodemailer[33m.[39mcreateTransport[33m.[39mmockReturnValue(mockTransporter)[33m;[39m
     [90m    |[39m                                [31m[1m^[22m[39m
     [90m 30 |[39m
     [90m 31 |[39m     [90m// Setup mock user[39m
     [90m 32 |[39m     mockUser [33m=[39m {[0m

      at Object.<anonymous> (src/utils/__tests__/statusNotifications.test.js:29:32)

  ΓùÅ statusNotifications ΓÇ║ sendStatusChangeNotification ΓÇ║ should populate job details

    TypeError: nodemailer.createTransport.mockReturnValue is not a function

    [0m [90m 27 |[39m       sendMail[33m:[39m jest[33m.[39mfn()[33m.[39mmockResolvedValue({ messageId[33m:[39m 
[32m'test-id'[39m })
     [90m 28 |[39m     }[33m;[39m
    [31m[1m>[22m[39m[90m 29 |[39m     nodemailer[33m.[39mcreateTransport[33m.[39mmockReturnValue(mockTransporter)[33m;[39m
     [90m    |[39m                                [31m[1m^[22m[39m
     [90m 30 |[39m
     [90m 31 |[39m     [90m// Setup mock user[39m
     [90m 32 |[39m     mockUser [33m=[39m {[0m

      at Object.<anonymous> (src/utils/__tests__/statusNotifications.test.js:29:32)

  ΓùÅ statusNotifications ΓÇ║ sendStatusChangeNotification ΓÇ║ should include status in email

    TypeError: nodemailer.createTransport.mockReturnValue is not a function

    [0m [90m 27 |[39m       sendMail[33m:[39m jest[33m.[39mfn()[33m.[39mmockResolvedValue({ messageId[33m:[39m 
[32m'test-id'[39m })
     [90m 28 |[39m     }[33m;[39m
    [31m[1m>[22m[39m[90m 29 |[39m     nodemailer[33m.[39mcreateTransport[33m.[39mmockReturnValue(mockTransporter)[33m;[39m
     [90m    |[39m                                [31m[1m^[22m[39m
     [90m 30 |[39m
     [90m 31 |[39m     [90m// Setup mock user[39m
     [90m 32 |[39m     mockUser [33m=[39m {[0m

      at Object.<anonymous> (src/utils/__tests__/statusNotifications.test.js:29:32)

  ΓùÅ statusNotifications ΓÇ║ sendStatusChangeNotification ΓÇ║ should use SMTP_FROM for from address

    TypeError: nodemailer.createTransport.mockReturnValue is not a function

    [0m [90m 27 |[39m       sendMail[33m:[39m jest[33m.[39mfn()[33m.[39mmockResolvedValue({ messageId[33m:[39m 
[32m'test-id'[39m })
     [90m 28 |[39m     }[33m;[39m
    [31m[1m>[22m[39m[90m 29 |[39m     nodemailer[33m.[39mcreateTransport[33m.[39mmockReturnValue(mockTransporter)[33m;[39m
     [90m    |[39m                                [31m[1m^[22m[39m
     [90m 30 |[39m
     [90m 31 |[39m     [90m// Setup mock user[39m
     [90m 32 |[39m     mockUser [33m=[39m {[0m

      at Object.<anonymous> (src/utils/__tests__/statusNotifications.test.js:29:32)

  ΓùÅ statusNotifications ΓÇ║ sendStatusChangeNotification ΓÇ║ should fall back to SMTP_USER when SMTP_FROM is not set

    TypeError: nodemailer.createTransport.mockReturnValue is not a function

    [0m [90m 27 |[39m       sendMail[33m:[39m jest[33m.[39mfn()[33m.[39mmockResolvedValue({ messageId[33m:[39m 
[32m'test-id'[39m })
     [90m 28 |[39m     }[33m;[39m
    [31m[1m>[22m[39m[90m 29 |[39m     nodemailer[33m.[39mcreateTransport[33m.[39mmockReturnValue(mockTransporter)[33m;[39m
     [90m    |[39m                                [31m[1m^[22m[39m
     [90m 30 |[39m
     [90m 31 |[39m     [90m// Setup mock user[39m
     [90m 32 |[39m     mockUser [33m=[39m {[0m

      at Object.<anonymous> (src/utils/__tests__/statusNotifications.test.js:29:32)

  ΓùÅ statusNotifications ΓÇ║ sendStatusChangeNotification ΓÇ║ should handle errors gracefully

    TypeError: nodemailer.createTransport.mockReturnValue is not a function

    [0m [90m 27 |[39m       sendMail[33m:[39m jest[33m.[39mfn()[33m.[39mmockResolvedValue({ messageId[33m:[39m 
[32m'test-id'[39m })
     [90m 28 |[39m     }[33m;[39m
    [31m[1m>[22m[39m[90m 29 |[39m     nodemailer[33m.[39mcreateTransport[33m.[39mmockReturnValue(mockTransporter)[33m;[39m
     [90m    |[39m                                [31m[1m^[22m[39m
     [90m 30 |[39m
     [90m 31 |[39m     [90m// Setup mock user[39m
     [90m 32 |[39m     mockUser [33m=[39m {[0m

      at Object.<anonymous> (src/utils/__tests__/statusNotifications.test.js:29:32)

  ΓùÅ statusNotifications ΓÇ║ sendStatusChangeNotification ΓÇ║ should send to correct email address

    TypeError: nodemailer.createTransport.mockReturnValue is not a function

    [0m [90m 27 |[39m       sendMail[33m:[39m jest[33m.[39mfn()[33m.[39mmockResolvedValue({ messageId[33m:[39m 
[32m'test-id'[39m })
     [90m 28 |[39m     }[33m;[39m
    [31m[1m>[22m[39m[90m 29 |[39m     nodemailer[33m.[39mcreateTransport[33m.[39mmockReturnValue(mockTransporter)[33m;[39m
     [90m    |[39m                                [31m[1m^[22m[39m
     [90m 30 |[39m
     [90m 31 |[39m     [90m// Setup mock user[39m
     [90m 32 |[39m     mockUser [33m=[39m {[0m

      at Object.<anonymous> (src/utils/__tests__/statusNotifications.test.js:29:32)

  ΓùÅ statusNotifications ΓÇ║ sendStatusChangeNotification ΓÇ║ should include job title in subject

    TypeError: nodemailer.createTransport.mockReturnValue is not a function

    [0m [90m 27 |[39m       sendMail[33m:[39m jest[33m.[39mfn()[33m.[39mmockResolvedValue({ messageId[33m:[39m 
[32m'test-id'[39m })
     [90m 28 |[39m     }[33m;[39m
    [31m[1m>[22m[39m[90m 29 |[39m     nodemailer[33m.[39mcreateTransport[33m.[39mmockReturnValue(mockTransporter)[33m;[39m
     [90m    |[39m                                [31m[1m^[22m[39m
     [90m 30 |[39m
     [90m 31 |[39m     [90m// Setup mock user[39m
     [90m 32 |[39m     mockUser [33m=[39m {[0m

      at Object.<anonymous> (src/utils/__tests__/statusNotifications.test.js:29:32)

  ΓùÅ statusNotifications ΓÇ║ sendFollowUpReminder ΓÇ║ should send follow-up reminder email

    TypeError: nodemailer.createTransport.mockReturnValue is not a function

    [0m [90m 27 |[39m       sendMail[33m:[39m jest[33m.[39mfn()[33m.[39mmockResolvedValue({ messageId[33m:[39m 
[32m'test-id'[39m })
     [90m 28 |[39m     }[33m;[39m
    [31m[1m>[22m[39m[90m 29 |[39m     nodemailer[33m.[39mcreateTransport[33m.[39mmockReturnValue(mockTransporter)[33m;[39m
     [90m    |[39m                                [31m[1m^[22m[39m
     [90m 30 |[39m
     [90m 31 |[39m     [90m// Setup mock user[39m
     [90m 32 |[39m     mockUser [33m=[39m {[0m

      at Object.<anonymous> (src/utils/__tests__/statusNotifications.test.js:29:32)

  ΓùÅ statusNotifications ΓÇ║ sendFollowUpReminder ΓÇ║ should skip email when SMTP_USER is not configured

    TypeError: nodemailer.createTransport.mockReturnValue is not a function

    [0m [90m 27 |[39m       sendMail[33m:[39m jest[33m.[39mfn()[33m.[39mmockResolvedValue({ messageId[33m:[39m 
[32m'test-id'[39m })
     [90m 28 |[39m     }[33m;[39m
    [31m[1m>[22m[39m[90m 29 |[39m     nodemailer[33m.[39mcreateTransport[33m.[39mmockReturnValue(mockTransporter)[33m;[39m
     [90m    |[39m                                [31m[1m^[22m[39m
     [90m 30 |[39m
     [90m 31 |[39m     [90m// Setup mock user[39m
     [90m 32 |[39m     mockUser [33m=[39m {[0m

      at Object.<anonymous> (src/utils/__tests__/statusNotifications.test.js:29:32)

  ΓùÅ statusNotifications ΓÇ║ sendFollowUpReminder ΓÇ║ should skip email when user is not found

    TypeError: nodemailer.createTransport.mockReturnValue is not a function

    [0m [90m 27 |[39m       sendMail[33m:[39m jest[33m.[39mfn()[33m.[39mmockResolvedValue({ messageId[33m:[39m 
[32m'test-id'[39m })
     [90m 28 |[39m     }[33m;[39m
    [31m[1m>[22m[39m[90m 29 |[39m     nodemailer[33m.[39mcreateTransport[33m.[39mmockReturnValue(mockTransporter)[33m;[39m
     [90m    |[39m                                [31m[1m^[22m[39m
     [90m 30 |[39m
     [90m 31 |[39m     [90m// Setup mock user[39m
     [90m 32 |[39m     mockUser [33m=[39m {[0m

      at Object.<anonymous> (src/utils/__tests__/statusNotifications.test.js:29:32)

  ΓùÅ statusNotifications ΓÇ║ sendFollowUpReminder ΓÇ║ should populate job details

    TypeError: nodemailer.createTransport.mockReturnValue is not a function

    [0m [90m 27 |[39m       sendMail[33m:[39m jest[33m.[39mfn()[33m.[39mmockResolvedValue({ messageId[33m:[39m 
[32m'test-id'[39m })
     [90m 28 |[39m     }[33m;[39m
    [31m[1m>[22m[39m[90m 29 |[39m     nodemailer[33m.[39mcreateTransport[33m.[39mmockReturnValue(mockTransporter)[33m;[39m
     [90m    |[39m                                [31m[1m^[22m[39m
     [90m 30 |[39m
     [90m 31 |[39m     [90m// Setup mock user[39m
     [90m 32 |[39m     mockUser [33m=[39m {[0m

      at Object.<anonymous> (src/utils/__tests__/statusNotifications.test.js:29:32)

  ΓùÅ statusNotifications ΓÇ║ sendFollowUpReminder ΓÇ║ should include days since status change

    TypeError: nodemailer.createTransport.mockReturnValue is not a function

    [0m [90m 27 |[39m       sendMail[33m:[39m jest[33m.[39mfn()[33m.[39mmockResolvedValue({ messageId[33m:[39m 
[32m'test-id'[39m })
     [90m 28 |[39m     }[33m;[39m
    [31m[1m>[22m[39m[90m 29 |[39m     nodemailer[33m.[39mcreateTransport[33m.[39mmockReturnValue(mockTransporter)[33m;[39m
     [90m    |[39m                                [31m[1m^[22m[39m
     [90m 30 |[39m
     [90m 31 |[39m     [90m// Setup mock user[39m
     [90m 32 |[39m     mockUser [33m=[39m {[0m

      at Object.<anonymous> (src/utils/__tests__/statusNotifications.test.js:29:32)

  ΓùÅ statusNotifications ΓÇ║ sendFollowUpReminder ΓÇ║ should include follow-up template

    TypeError: nodemailer.createTransport.mockReturnValue is not a function

    [0m [90m 27 |[39m       sendMail[33m:[39m jest[33m.[39mfn()[33m.[39mmockResolvedValue({ messageId[33m:[39m 
[32m'test-id'[39m })
     [90m 28 |[39m     }[33m;[39m
    [31m[1m>[22m[39m[90m 29 |[39m     nodemailer[33m.[39mcreateTransport[33m.[39mmockReturnValue(mockTransporter)[33m;[39m
     [90m    |[39m                                [31m[1m^[22m[39m
     [90m 30 |[39m
     [90m 31 |[39m     [90m// Setup mock user[39m
     [90m 32 |[39m     mockUser [33m=[39m {[0m

      at Object.<anonymous> (src/utils/__tests__/statusNotifications.test.js:29:32)

  ΓùÅ statusNotifications ΓÇ║ sendFollowUpReminder ΓÇ║ should use user name in template

    TypeError: nodemailer.createTransport.mockReturnValue is not a function

    [0m [90m 27 |[39m       sendMail[33m:[39m jest[33m.[39mfn()[33m.[39mmockResolvedValue({ messageId[33m:[39m 
[32m'test-id'[39m })
     [90m 28 |[39m     }[33m;[39m
    [31m[1m>[22m[39m[90m 29 |[39m     nodemailer[33m.[39mcreateTransport[33m.[39mmockReturnValue(mockTransporter)[33m;[39m
     [90m    |[39m                                [31m[1m^[22m[39m
     [90m 30 |[39m
     [90m 31 |[39m     [90m// Setup mock user[39m
     [90m 32 |[39m     mockUser [33m=[39m {[0m

      at Object.<anonymous> (src/utils/__tests__/statusNotifications.test.js:29:32)

  ΓùÅ statusNotifications ΓÇ║ sendFollowUpReminder ΓÇ║ should handle missing user name

    TypeError: nodemailer.createTransport.mockReturnValue is not a function

    [0m [90m 27 |[39m       sendMail[33m:[39m jest[33m.[39mfn()[33m.[39mmockResolvedValue({ messageId[33m:[39m 
[32m'test-id'[39m })
     [90m 28 |[39m     }[33m;[39m
    [31m[1m>[22m[39m[90m 29 |[39m     nodemailer[33m.[39mcreateTransport[33m.[39mmockReturnValue(mockTransporter)[33m;[39m
     [90m    |[39m                                [31m[1m^[22m[39m
     [90m 30 |[39m
     [90m 31 |[39m     [90m// Setup mock user[39m
     [90m 32 |[39m     mockUser [33m=[39m {[0m

      at Object.<anonymous> (src/utils/__tests__/statusNotifications.test.js:29:32)

  ΓùÅ statusNotifications ΓÇ║ sendFollowUpReminder ΓÇ║ should use correct from address

    TypeError: nodemailer.createTransport.mockReturnValue is not a function

    [0m [90m 27 |[39m       sendMail[33m:[39m jest[33m.[39mfn()[33m.[39mmockResolvedValue({ messageId[33m:[39m 
[32m'test-id'[39m })
     [90m 28 |[39m     }[33m;[39m
    [31m[1m>[22m[39m[90m 29 |[39m     nodemailer[33m.[39mcreateTransport[33m.[39mmockReturnValue(mockTransporter)[33m;[39m
     [90m    |[39m                                [31m[1m^[22m[39m
     [90m 30 |[39m
     [90m 31 |[39m     [90m// Setup mock user[39m
     [90m 32 |[39m     mockUser [33m=[39m {[0m

      at Object.<anonymous> (src/utils/__tests__/statusNotifications.test.js:29:32)

  ΓùÅ statusNotifications ΓÇ║ sendFollowUpReminder ΓÇ║ should handle email errors gracefully

    TypeError: nodemailer.createTransport.mockReturnValue is not a function

    [0m [90m 27 |[39m       sendMail[33m:[39m jest[33m.[39mfn()[33m.[39mmockResolvedValue({ messageId[33m:[39m 
[32m'test-id'[39m })
     [90m 28 |[39m     }[33m;[39m
    [31m[1m>[22m[39m[90m 29 |[39m     nodemailer[33m.[39mcreateTransport[33m.[39mmockReturnValue(mockTransporter)[33m;[39m
     [90m    |[39m                                [31m[1m^[22m[39m
     [90m 30 |[39m
     [90m 31 |[39m     [90m// Setup mock user[39m
     [90m 32 |[39m     mockUser [33m=[39m {[0m

      at Object.<anonymous> (src/utils/__tests__/statusNotifications.test.js:29:32)

  ΓùÅ statusNotifications ΓÇ║ sendFollowUpReminder ΓÇ║ should send to correct email

    TypeError: nodemailer.createTransport.mockReturnValue is not a function

    [0m [90m 27 |[39m       sendMail[33m:[39m jest[33m.[39mfn()[33m.[39mmockResolvedValue({ messageId[33m:[39m 
[32m'test-id'[39m })
     [90m 28 |[39m     }[33m;[39m
    [31m[1m>[22m[39m[90m 29 |[39m     nodemailer[33m.[39mcreateTransport[33m.[39mmockReturnValue(mockTransporter)[33m;[39m
     [90m    |[39m                                [31m[1m^[22m[39m
     [90m 30 |[39m
     [90m 31 |[39m     [90m// Setup mock user[39m
     [90m 32 |[39m     mockUser [33m=[39m {[0m

      at Object.<anonymous> (src/utils/__tests__/statusNotifications.test.js:29:32)

  ΓùÅ statusNotifications ΓÇ║ sendStalledApplicationsAlert ΓÇ║ should send alert when applications are stalled

    TypeError: nodemailer.createTransport.mockReturnValue is not a function

    [0m [90m 27 |[39m       sendMail[33m:[39m jest[33m.[39mfn()[33m.[39mmockResolvedValue({ messageId[33m:[39m 
[32m'test-id'[39m })
     [90m 28 |[39m     }[33m;[39m
    [31m[1m>[22m[39m[90m 29 |[39m     nodemailer[33m.[39mcreateTransport[33m.[39mmockReturnValue(mockTransporter)[33m;[39m
     [90m    |[39m                                [31m[1m^[22m[39m
     [90m 30 |[39m
     [90m 31 |[39m     [90m// Setup mock user[39m
     [90m 32 |[39m     mockUser [33m=[39m {[0m

      at Object.<anonymous> (src/utils/__tests__/statusNotifications.test.js:29:32)

  ΓùÅ statusNotifications ΓÇ║ sendStalledApplicationsAlert ΓÇ║ should skip email when no applications are stalled

    TypeError: nodemailer.createTransport.mockReturnValue is not a function

    [0m [90m 27 |[39m       sendMail[33m:[39m jest[33m.[39mfn()[33m.[39mmockResolvedValue({ messageId[33m:[39m 
[32m'test-id'[39m })
     [90m 28 |[39m     }[33m;[39m
    [31m[1m>[22m[39m[90m 29 |[39m     nodemailer[33m.[39mcreateTransport[33m.[39mmockReturnValue(mockTransporter)[33m;[39m
     [90m    |[39m                                [31m[1m^[22m[39m
     [90m 30 |[39m
     [90m 31 |[39m     [90m// Setup mock user[39m
     [90m 32 |[39m     mockUser [33m=[39m {[0m

      at Object.<anonymous> (src/utils/__tests__/statusNotifications.test.js:29:32)

  ΓùÅ statusNotifications ΓÇ║ sendStalledApplicationsAlert ΓÇ║ should skip email when SMTP_USER is not configured

    TypeError: nodemailer.createTransport.mockReturnValue is not a function

    [0m [90m 27 |[39m       sendMail[33m:[39m jest[33m.[39mfn()[33m.[39mmockResolvedValue({ messageId[33m:[39m 
[32m'test-id'[39m })
     [90m 28 |[39m     }[33m;[39m
    [31m[1m>[22m[39m[90m 29 |[39m     nodemailer[33m.[39mcreateTransport[33m.[39mmockReturnValue(mockTransporter)[33m;[39m
     [90m    |[39m                                [31m[1m^[22m[39m
     [90m 30 |[39m
     [90m 31 |[39m     [90m// Setup mock user[39m
     [90m 32 |[39m     mockUser [33m=[39m {[0m

      at Object.<anonymous> (src/utils/__tests__/statusNotifications.test.js:29:32)

  ΓùÅ statusNotifications ΓÇ║ sendStalledApplicationsAlert ΓÇ║ should skip email when user is not found

    TypeError: nodemailer.createTransport.mockReturnValue is not a function

    [0m [90m 27 |[39m       sendMail[33m:[39m jest[33m.[39mfn()[33m.[39mmockResolvedValue({ messageId[33m:[39m 
[32m'test-id'[39m })
     [90m 28 |[39m     }[33m;[39m
    [31m[1m>[22m[39m[90m 29 |[39m     nodemailer[33m.[39mcreateTransport[33m.[39mmockReturnValue(mockTransporter)[33m;[39m
     [90m    |[39m                                [31m[1m^[22m[39m
     [90m 30 |[39m
     [90m 31 |[39m     [90m// Setup mock user[39m
     [90m 32 |[39m     mockUser [33m=[39m {[0m

      at Object.<anonymous> (src/utils/__tests__/statusNotifications.test.js:29:32)

  ΓùÅ statusNotifications ΓÇ║ sendStalledApplicationsAlert ΓÇ║ should include stalled count in subject

    TypeError: nodemailer.createTransport.mockReturnValue is not a function

    [0m [90m 27 |[39m       sendMail[33m:[39m jest[33m.[39mfn()[33m.[39mmockResolvedValue({ messageId[33m:[39m 
[32m'test-id'[39m })
     [90m 28 |[39m     }[33m;[39m
    [31m[1m>[22m[39m[90m 29 |[39m     nodemailer[33m.[39mcreateTransport[33m.[39mmockReturnValue(mockTransporter)[33m;[39m
     [90m    |[39m                                [31m[1m^[22m[39m
     [90m 30 |[39m
     [90m 31 |[39m     [90m// Setup mock user[39m
     [90m 32 |[39m     mockUser [33m=[39m {[0m

      at Object.<anonymous> (src/utils/__tests__/statusNotifications.test.js:29:32)

  ΓùÅ statusNotifications ΓÇ║ sendStalledApplicationsAlert ΓÇ║ should include stalled count in body

    TypeError: nodemailer.createTransport.mockReturnValue is not a function

    [0m [90m 27 |[39m       sendMail[33m:[39m jest[33m.[39mfn()[33m.[39mmockResolvedValue({ messageId[33m:[39m 
[32m'test-id'[39m })
     [90m 28 |[39m     }[33m;[39m
    [31m[1m>[22m[39m[90m 29 |[39m     nodemailer[33m.[39mcreateTransport[33m.[39mmockReturnValue(mockTransporter)[33m;[39m
     [90m    |[39m                                [31m[1m^[22m[39m
     [90m 30 |[39m
     [90m 31 |[39m     [90m// Setup mock user[39m
     [90m 32 |[39m     mockUser [33m=[39m {[0m

      at Object.<anonymous> (src/utils/__tests__/statusNotifications.test.js:29:32)

  ΓùÅ statusNotifications ΓÇ║ sendStalledApplicationsAlert ΓÇ║ should list all stalled applications

    TypeError: nodemailer.createTransport.mockReturnValue is not a function

    [0m [90m 27 |[39m       sendMail[33m:[39m jest[33m.[39mfn()[33m.[39mmockResolvedValue({ messageId[33m:[39m 
[32m'test-id'[39m })
     [90m 28 |[39m     }[33m;[39m
    [31m[1m>[22m[39m[90m 29 |[39m     nodemailer[33m.[39mcreateTransport[33m.[39mmockReturnValue(mockTransporter)[33m;[39m
     [90m    |[39m                                [31m[1m^[22m[39m
     [90m 30 |[39m
     [90m 31 |[39m     [90m// Setup mock user[39m
     [90m 32 |[39m     mockUser [33m=[39m {[0m

      at Object.<anonymous> (src/utils/__tests__/statusNotifications.test.js:29:32)

  ΓùÅ statusNotifications ΓÇ║ sendStalledApplicationsAlert ΓÇ║ should include days without update

    TypeError: nodemailer.createTransport.mockReturnValue is not a function

    [0m [90m 27 |[39m       sendMail[33m:[39m jest[33m.[39mfn()[33m.[39mmockResolvedValue({ messageId[33m:[39m 
[32m'test-id'[39m })
     [90m 28 |[39m     }[33m;[39m
    [31m[1m>[22m[39m[90m 29 |[39m     nodemailer[33m.[39mcreateTransport[33m.[39mmockReturnValue(mockTransporter)[33m;[39m
     [90m    |[39m                                [31m[1m^[22m[39m
     [90m 30 |[39m
     [90m 31 |[39m     [90m// Setup mock user[39m
     [90m 32 |[39m     mockUser [33m=[39m {[0m

      at Object.<anonymous> (src/utils/__tests__/statusNotifications.test.js:29:32)

  ΓùÅ statusNotifications ΓÇ║ sendStalledApplicationsAlert ΓÇ║ should include recommended actions

    TypeError: nodemailer.createTransport.mockReturnValue is not a function

    [0m [90m 27 |[39m       sendMail[33m:[39m jest[33m.[39mfn()[33m.[39mmockResolvedValue({ messageId[33m:[39m 
[32m'test-id'[39m })
     [90m 28 |[39m     }[33m;[39m
    [31m[1m>[22m[39m[90m 29 |[39m     nodemailer[33m.[39mcreateTransport[33m.[39mmockReturnValue(mockTransporter)[33m;[39m
     [90m    |[39m                                [31m[1m^[22m[39m
     [90m 30 |[39m
     [90m 31 |[39m     [90m// Setup mock user[39m
     [90m 32 |[39m     mockUser [33m=[39m {[0m

      at Object.<anonymous> (src/utils/__tests__/statusNotifications.test.js:29:32)

  ΓùÅ statusNotifications ΓÇ║ sendStalledApplicationsAlert ΓÇ║ should use correct from address

    TypeError: nodemailer.createTransport.mockReturnValue is not a function

    [0m [90m 27 |[39m       sendMail[33m:[39m jest[33m.[39mfn()[33m.[39mmockResolvedValue({ messageId[33m:[39m 
[32m'test-id'[39m })
     [90m 28 |[39m     }[33m;[39m
    [31m[1m>[22m[39m[90m 29 |[39m     nodemailer[33m.[39mcreateTransport[33m.[39mmockReturnValue(mockTransporter)[33m;[39m
     [90m    |[39m                                [31m[1m^[22m[39m
     [90m 30 |[39m
     [90m 31 |[39m     [90m// Setup mock user[39m
     [90m 32 |[39m     mockUser [33m=[39m {[0m

      at Object.<anonymous> (src/utils/__tests__/statusNotifications.test.js:29:32)

  ΓùÅ statusNotifications ΓÇ║ sendStalledApplicationsAlert ΓÇ║ should send to correct email

    TypeError: nodemailer.createTransport.mockReturnValue is not a function

    [0m [90m 27 |[39m       sendMail[33m:[39m jest[33m.[39mfn()[33m.[39mmockResolvedValue({ messageId[33m:[39m 
[32m'test-id'[39m })
     [90m 28 |[39m     }[33m;[39m
    [31m[1m>[22m[39m[90m 29 |[39m     nodemailer[33m.[39mcreateTransport[33m.[39mmockReturnValue(mockTransporter)[33m;[39m
     [90m    |[39m                                [31m[1m^[22m[39m
     [90m 30 |[39m
     [90m 31 |[39m     [90m// Setup mock user[39m
     [90m 32 |[39m     mockUser [33m=[39m {[0m

      at Object.<anonymous> (src/utils/__tests__/statusNotifications.test.js:29:32)

  ΓùÅ statusNotifications ΓÇ║ sendStalledApplicationsAlert ΓÇ║ should handle email errors gracefully

    TypeError: nodemailer.createTransport.mockReturnValue is not a function

    [0m [90m 27 |[39m       sendMail[33m:[39m jest[33m.[39mfn()[33m.[39mmockResolvedValue({ messageId[33m:[39m 
[32m'test-id'[39m })
     [90m 28 |[39m     }[33m;[39m
    [31m[1m>[22m[39m[90m 29 |[39m     nodemailer[33m.[39mcreateTransport[33m.[39mmockReturnValue(mockTransporter)[33m;[39m
     [90m    |[39m                                [31m[1m^[22m[39m
     [90m 30 |[39m
     [90m 31 |[39m     [90m// Setup mock user[39m
     [90m 32 |[39m     mockUser [33m=[39m {[0m

      at Object.<anonymous> (src/utils/__tests__/statusNotifications.test.js:29:32)

  ΓùÅ statusNotifications ΓÇ║ sendStalledApplicationsAlert ΓÇ║ should handle multiple stalled applications

    TypeError: nodemailer.createTransport.mockReturnValue is not a function

    [0m [90m 27 |[39m       sendMail[33m:[39m jest[33m.[39mfn()[33m.[39mmockResolvedValue({ messageId[33m:[39m 
[32m'test-id'[39m })
     [90m 28 |[39m     }[33m;[39m
    [31m[1m>[22m[39m[90m 29 |[39m     nodemailer[33m.[39mcreateTransport[33m.[39mmockReturnValue(mockTransporter)[33m;[39m
     [90m    |[39m                                [31m[1m^[22m[39m
     [90m 30 |[39m
     [90m 31 |[39m     [90m// Setup mock user[39m
     [90m 32 |[39m     mockUser [33m=[39m {[0m

      at Object.<anonymous> (src/utils/__tests__/statusNotifications.test.js:29:32)

  ΓùÅ statusNotifications ΓÇ║ sendStalledApplicationsAlert ΓÇ║ should skip email when user has no email

    TypeError: nodemailer.createTransport.mockReturnValue is not a function

    [0m [90m 27 |[39m       sendMail[33m:[39m jest[33m.[39mfn()[33m.[39mmockResolvedValue({ messageId[33m:[39m 
[32m'test-id'[39m })
     [90m 28 |[39m     }[33m;[39m
    [31m[1m>[22m[39m[90m 29 |[39m     nodemailer[33m.[39mcreateTransport[33m.[39mmockReturnValue(mockTransporter)[33m;[39m
     [90m    |[39m                                [31m[1m^[22m[39m
     [90m 30 |[39m
     [90m 31 |[39m     [90m// Setup mock user[39m
     [90m 32 |[39m     mockUser [33m=[39m {[0m

      at Object.<anonymous> (src/utils/__tests__/statusNotifications.test.js:29:32)

  ΓùÅ statusNotifications ΓÇ║ Error handling ΓÇ║ should handle database errors gracefully

    TypeError: nodemailer.createTransport.mockReturnValue is not a function

    [0m [90m 27 |[39m       sendMail[33m:[39m jest[33m.[39mfn()[33m.[39mmockResolvedValue({ messageId[33m:[39m 
[32m'test-id'[39m })
     [90m 28 |[39m     }[33m;[39m
    [31m[1m>[22m[39m[90m 29 |[39m     nodemailer[33m.[39mcreateTransport[33m.[39mmockReturnValue(mockTransporter)[33m;[39m
     [90m    |[39m                                [31m[1m^[22m[39m
     [90m 30 |[39m
     [90m 31 |[39m     [90m// Setup mock user[39m
     [90m 32 |[39m     mockUser [33m=[39m {[0m

      at Object.<anonymous> (src/utils/__tests__/statusNotifications.test.js:29:32)

  ΓùÅ statusNotifications ΓÇ║ Error handling ΓÇ║ should handle populate errors gracefully

    TypeError: nodemailer.createTransport.mockReturnValue is not a function

    [0m [90m 27 |[39m       sendMail[33m:[39m jest[33m.[39mfn()[33m.[39mmockResolvedValue({ messageId[33m:[39m 
[32m'test-id'[39m })
     [90m 28 |[39m     }[33m;[39m
    [31m[1m>[22m[39m[90m 29 |[39m     nodemailer[33m.[39mcreateTransport[33m.[39mmockReturnValue(mockTransporter)[33m;[39m
     [90m    |[39m                                [31m[1m^[22m[39m
     [90m 30 |[39m
     [90m 31 |[39m     [90m// Setup mock user[39m
     [90m 32 |[39m     mockUser [33m=[39m {[0m

      at Object.<anonymous> (src/utils/__tests__/statusNotifications.test.js:29:32)

  ΓùÅ statusNotifications ΓÇ║ Error handling ΓÇ║ should continue when email send fails

    TypeError: nodemailer.createTransport.mockReturnValue is not a function

    [0m [90m 27 |[39m       sendMail[33m:[39m jest[33m.[39mfn()[33m.[39mmockResolvedValue({ messageId[33m:[39m 
[32m'test-id'[39m })
     [90m 28 |[39m     }[33m;[39m
    [31m[1m>[22m[39m[90m 29 |[39m     nodemailer[33m.[39mcreateTransport[33m.[39mmockReturnValue(mockTransporter)[33m;[39m
     [90m    |[39m                                [31m[1m^[22m[39m
     [90m 30 |[39m
     [90m 31 |[39m     [90m// Setup mock user[39m
     [90m 32 |[39m     mockUser [33m=[39m {[0m

      at Object.<anonymous> (src/utils/__tests__/statusNotifications.test.js:29:32)

Test Suites: 1 failed, 1 total
Tests:       41 failed, 41 total
Snapshots:   0 total
Time:        1.063 s
Ran all test suites matching /src\\utils\\__tests__\\statusNotifications.test.js/i.
